[revaluation] submitReview tx error: Error
    at Query.run (c:\Users\Ravi\Desktop\RAAS\result-automation-analytics\node_modules\sequelize\lib\dialects\mysql\query.js:52:25)
    at c:\Users\Ravi\Desktop\RAAS\result-automation-analytics\node_modules\sequelize\lib\sequelize.js:315:28
    at process.processTicksAndRejections (node:internal/process/task_queues:103:5)
    at async MySQLQueryInterface.update (c:\Users\Ravi\Desktop\RAAS\result-automation-analytics\node_modules\sequelize\lib\dialects\abstract\query-interface.js:355:12)
    at async model.save (c:\Users\Ravi\Desktop\RAAS\result-automation-analytics\node_modules\sequelize\lib\model.js:2490:35)
    at async model.update (c:\Users\Ravi\Desktop\RAAS\result-automation-analytics\node_modules\sequelize\lib\model.js:2598:12)
    at async exports.submitReview (c:\Users\Ravi\Desktop\RAAS\result-automation-analytics\controllers\revaluationController.js:2058:5)
    at async c:\Users\Ravi\Desktop\RAAS\result-automation-analytics\scripts\test-phase7.js:382:7
    at async sectionAsync (c:\Users\Ravi\Desktop\RAAS\result-automation-analytics\scripts\test-phase7.js:67:9)
    at async runOriginalResultTests (c:\Users\Ravi\Desktop\RAAS\result-automation-analytics\scripts\test-phase7.js:356:3) {
  name: 'SequelizeDatabaseError',
  parent: Error: Lock wait timeout exceeded; try restarting transaction
      at Packet.asError (c:\Users\Ravi\Desktop\RAAS\result-automation-analytics\node_modules\mysql2\lib\packets\packet.js:833:17)
      at Execute.execute (c:\Users\Ravi\Desktop\RAAS\result-automation-analytics\node_modules\mysql2\lib\commands\command.js:29:26)
      at Connection.handlePacket (c:\Users\Ravi\Desktop\RAAS\result-automation-analytics\node_modules\mysql2\lib\base\connection.js:555:34)
      at PacketParser.onPacket (c:\Users\Ravi\Desktop\RAAS\result-automation-analytics\node_modules\mysql2\lib\base\connection.js:104:12)
      at PacketParser.executeStart (c:\Users\Ravi\Desktop\RAAS\result-automation-analytics\node_modules\mysql2\lib\packet_parser.js:75:16)
      at Socket.<anonymous> (c:\Users\Ravi\Desktop\RAAS\result-automation-analytics\node_modules\mysql2\lib\base\connection.js:112:25)
      at Socket.emit (node:events:508:28)
      at addChunk (node:internal/streams/readable:559:12)
      at readableAddChunkPushByteMode (node:internal/streams/readable:510:3)
      at Readable.push (node:internal/streams/readable:390:5) {
    code: 'ER_LOCK_WAIT_TIMEOUT',
    errno: 1205,
    sqlState: 'HY000',
    sqlMessage: 'Lock wait timeout exceeded; try restarting transaction',
    sql: 'UPDATE `ocr_extractions` SET `extracted_json`=? WHERE `extraction_id` = ?',
    parameters: [
      '{"ocr":{"subjects":[{"raw_line":"OCR","confidence":0.95,"raw_status":null,"subject_id":1199,"match_state":"MATCHED","subject_code":"P7A_089393e","subject_name":"Mathematics","revised_marks":85,"original_marks":90,"normalized_code":"P7A089393e","original_status":"pass","ocr_subject_code":"P7A_089393e","subject_result_id":100059,"revised_external_marks":55,"revised_internal_marks":30,"revised_status_candidate":"pass"},{"raw_line":"OCR","confidence":0.95,"raw_status":null,"subject_id":1200,"match_state":"MATCHED","subject_code":"P7B_089393e","subject_name":"Physics","revised_marks":25,"original_marks":25,"normalized_code":"P7B089393e","original_status":"fail","ocr_subject_code":"P7B_089393e","subject_result_id":100060,"revised_external_marks":7,"revised_internal_marks":18,"revised_status_candidate":"pass"}],"warnings":[],"extraction_method":"test","extraction_status":"extracted","semester_candidate":5,"student_candidates":{"usn":"P7T089393e","name":"P7 Tester"},"unmatched_ocr_codes":[]},"attempt":{"exam_type":"REGULAR","attempt_no":1},"student":{"usn":"P7T089393e","name":"P7 Tester"},"subjects":[{"raw_line":"OCR","confidence":0.95,"raw_status":null,"subject_id":1199,"match_state":"MATCHED","subject_code":"P7A_089393e","subject_name":"Mathematics","revised_marks":85,"original_marks":90,"normalized_code":"P7A089393e","original_status":"pass","ocr_subject_code":"P7A_089393e","subject_result_id":100059,"revised_external_marks":55,"revised_internal_marks":30,"revised_status_candidate":"pass"},{"raw_line":"OCR","confidence":0.95,"raw_status":null,"subject_id":1200,"match_state":"MATCHED","subject_code":"P7B_089393e","subject_name":"Physics","revised_marks":25,"original_marks":25,"normalized_code":"P7B089393e","original_status":"fail","ocr_subject_code":"P7B_089393e","subject_result_id":100060,"revised_external_marks":7,"revised_internal_marks":18,"revised_status_candidate":"pass"}],"documents":[{"file_url":"c:\\\\Users\\\\Ravi\\\\Desktop\\\\RAAS\\\\result-automation-analytics\\\\uploads\\\\__raas_p7__.pdf","file_name":"__p7__.pdf","file_path":"c:\\\\Users\\\\Ravi\\\\Desktop\\\\RAAS\\\\result-automation-analytics\\\\uploads\\\\__raas_p7__.pdf"}],"result_id":10047,"session_id":100049,"student_id":100049,"review":{"version":1,"submitted_at":"2026-09-02T20:14:49.448Z","submitted_by":524,"proposal":[{"subject_result_id":100059,"decision":"accept","was_manual_correction":false,"proposed_revised_internal_marks":30,"proposed_revised_external_marks":55,"proposed_revised_total_marks":85,"proposed_revised_percent":56,"proposed_revised_status":"pass","proposed_revised_grade":"B","warnings":["Revised total (85) is LOWER than the original (90); recorded intentionally."],"bound_to_srid":100059},{"subject_result_id":100060,"decision":"reject","rejection_reason":"ADMIN_REJECTED"}],"baselines":{"100059":{"marks":90,"status":"pass"}},"aggregate_preview":{"overall_result":"pass","sgpa":6,"cgpa":6,"failed_subject_count":0}}}',
      976
    ]
  },
  original: Error: Lock wait timeout exceeded; try restarting transaction
      at Packet.asError (c:\Users\Ravi\Desktop\RAAS\result-automation-analytics\node_modules\mysql2\lib\packets\packet.js:833:17)
      at Execute.execute (c:\Users\Ravi\Desktop\RAAS\result-automation-analytics\node_modules\mysql2\lib\commands\command.js:29:26)
      at Connection.handlePacket (c:\Users\Ravi\Desktop\RAAS\result-automation-analytics\node_modules\mysql2\lib\base\connection.js:555:34)
      at PacketParser.onPacket (c:\Users\Ravi\Desktop\RAAS\result-automation-analytics\node_modules\mysql2\lib\base\connection.js:104:12)
      at PacketParser.executeStart (c:\Users\Ravi\Desktop\RAAS\result-automation-analytics\node_modules\mysql2\lib\packet_parser.js:75:16)
      at Socket.<anonymous> (c:\Users\Ravi\Desktop\RAAS\result-automation-analytics\node_modules\mysql2\lib\base\connection.js:112:25)
      at Socket.emit (node:events:508:28)
      at addChunk (node:internal/streams/readable:559:12)
      at readableAddChunkPushByteMode (node:internal/streams/readable:510:3)
      at Readable.push (node:internal/streams/readable:390:5) {
    code: 'ER_LOCK_WAIT_TIMEOUT',
    errno: 1205,
    sqlState: 'HY000',
    sqlMessage: 'Lock wait timeout exceeded; try restarting transaction',
    sql: 'UPDATE `ocr_extractions` SET `extracted_json`=? WHERE `extraction_id` = ?',
    parameters: [
      '{"ocr":{"subjects":[{"raw_line":"OCR","confidence":0.95,"raw_status":null,"subject_id":1199,"match_state":"MATCHED","subject_code":"P7A_089393e","subject_name":"Mathematics","revised_marks":85,"original_marks":90,"normalized_code":"P7A089393e","original_status":"pass","ocr_subject_code":"P7A_089393e","subject_result_id":100059,"revised_external_marks":55,"revised_internal_marks":30,"revised_status_candidate":"pass"},{"raw_line":"OCR","confidence":0.95,"raw_status":null,"subject_id":1200,"match_state":"MATCHED","subject_code":"P7B_089393e","subject_name":"Physics","revised_marks":25,"original_marks":25,"normalized_code":"P7B089393e","original_status":"fail","ocr_subject_code":"P7B_089393e","subject_result_id":100060,"revised_external_marks":7,"revised_internal_marks":18,"revised_status_candidate":"pass"}],"warnings":[],"extraction_method":"test","extraction_status":"extracted","semester_candidate":5,"student_candidates":{"usn":"P7T089393e","name":"P7 Tester"},"unmatched_ocr_codes":[]},"attempt":{"exam_type":"REGULAR","attempt_no":1},"student":{"usn":"P7T089393e","name":"P7 Tester"},"subjects":[{"raw_line":"OCR","confidence":0.95,"raw_status":null,"subject_id":1199,"match_state":"MATCHED","subject_code":"P7A_089393e","subject_name":"Mathematics","revised_marks":85,"original_marks":90,"normalized_code":"P7A089393e","original_status":"pass","ocr_subject_code":"P7A_089393e","subject_result_id":100059,"revised_external_marks":55,"revised_internal_marks":30,"revised_status_candidate":"pass"},{"raw_line":"OCR","confidence":0.95,"raw_status":null,"subject_id":1200,"match_state":"MATCHED","subject_code":"P7B_089393e","subject_name":"Physics","revised_marks":25,"original_marks":25,"normalized_code":"P7B089393e","original_status":"fail","ocr_subject_code":"P7B_089393e","subject_result_id":100060,"revised_external_marks":7,"revised_internal_marks":18,"revised_status_candidate":"pass"}],"documents":[{"file_url":"c:\\\\Users\\\\Ravi\\\\Desktop\\\\RAAS\\\\result-automation-analytics\\\\uploads\\\\__raas_p7__.pdf","file_name":"__p7__.pdf","file_path":"c:\\\\Users\\\\Ravi\\\\Desktop\\\\RAAS\\\\result-automation-analytics\\\\uploads\\\\__raas_p7__.pdf"}],"result_id":10047,"session_id":100049,"student_id":100049,"review":{"version":1,"submitted_at":"2026-09-02T20:14:49.448Z","submitted_by":524,"proposal":[{"subject_result_id":100059,"decision":"accept","was_manual_correction":false,"proposed_revised_internal_marks":30,"proposed_revised_external_marks":55,"proposed_revised_total_marks":85,"proposed_revised_percent":56,"proposed_revised_status":"pass","proposed_revised_grade":"B","warnings":["Revised total (85) is LOWER than the original (90); recorded intentionally."],"bound_to_srid":100059},{"subject_result_id":100060,"decision":"reject","rejection_reason":"ADMIN_REJECTED"}],"baselines":{"100059":{"marks":90,"status":"pass"}},"aggregate_preview":{"overall_result":"pass","sgpa":6,"cgpa":6,"failed_subject_count":0}}}',
      976
    ]
  },
  sql: 'UPDATE `ocr_extractions` SET `extracted_json`=? WHERE `extraction_id` = ?',
  parameters: [
    '{"ocr":{"subjects":[{"raw_line":"OCR","confidence":0.95,"raw_status":null,"subject_id":1199,"match_state":"MATCHED","subject_code":"P7A_089393e","subject_name":"Mathematics","revised_marks":85,"original_marks":90,"normalized_code":"P7A089393e","original_status":"pass","ocr_subject_code":"P7A_089393e","subject_result_id":100059,"revised_external_marks":55,"revised_internal_marks":30,"revised_status_candidate":"pass"},{"raw_line":"OCR","confidence":0.95,"raw_status":null,"subject_id":1200,"match_state":"MATCHED","subject_code":"P7B_089393e","subject_name":"Physics","revised_marks":25,"original_marks":25,"normalized_code":"P7B089393e","original_status":"fail","ocr_subject_code":"P7B_089393e","subject_result_id":100060,"revised_external_marks":7,"revised_internal_marks":18,"revised_status_candidate":"pass"}],"warnings":[],"extraction_method":"test","extraction_status":"extracted","semester_candidate":5,"student_candidates":{"usn":"P7T089393e","name":"P7 Tester"},"unmatched_ocr_codes":[]},"attempt":{"exam_type":"REGULAR","attempt_no":1},"student":{"usn":"P7T089393e","name":"P7 Tester"},"subjects":[{"raw_line":"OCR","confidence":0.95,"raw_status":null,"subject_id":1199,"match_state":"MATCHED","subject_code":"P7A_089393e","subject_name":"Mathematics","revised_marks":85,"original_marks":90,"normalized_code":"P7A089393e","original_status":"pass","ocr_subject_code":"P7A_089393e","subject_result_id":100059,"revised_external_marks":55,"revised_internal_marks":30,"revised_status_candidate":"pass"},{"raw_line":"OCR","confidence":0.95,"raw_status":null,"subject_id":1200,"match_state":"MATCHED","subject_code":"P7B_089393e","subject_name":"Physics","revised_marks":25,"original_marks":25,"normalized_code":"P7B089393e","original_status":"fail","ocr_subject_code":"P7B_089393e","subject_result_id":100060,"revised_external_marks":7,"revised_internal_marks":18,"revised_status_candidate":"pass"}],"documents":[{"file_url":"c:\\\\Users\\\\Ravi\\\\Desktop\\\\RAAS\\\\result-automation-analytics\\\\uploads\\\\__raas_p7__.pdf","file_name":"__p7__.pdf","file_path":"c:\\\\Users\\\\Ravi\\\\Desktop\\\\RAAS\\\\result-automation-analytics\\\\uploads\\\\__raas_p7__.pdf"}],"result_id":10047,"session_id":100049,"student_id":100049,"review":{"version":1,"submitted_at":"2026-09-02T20:14:49.448Z","submitted_by":524,"proposal":[{"subject_result_id":100059,"decision":"accept","was_manual_correction":false,"proposed_revised_internal_marks":30,"proposed_revised_external_marks":55,"proposed_revised_total_marks":85,"proposed_revised_percent":56,"proposed_revised_status":"pass","proposed_revised_grade":"B","warnings":["Revised total (85) is LOWER than the original (90); recorded intentionally."],"bound_to_srid":100059},{"subject_result_id":100060,"decision":"reject","rejection_reason":"ADMIN_REJECTED"}],"baselines":{"100059":{"marks":90,"status":"pass"}},"aggregate_preview":{"overall_result":"pass","sgpa":6,"cgpa":6,"failed_subject_count":0}}}',
    976
  ]
}
